---
source: crates/wn-cli/tests/report.rs
expression: render_markdown(&r)
---
<!-- wn-usage-report v1 -->
## wn usage report

- wn 0.3.0 (unknown build)
- setup: macos aarch64, 9-16 threads, 32-64GB RAM, model gemma-xl1 (fp32)
- repositories: 1-9 (sizes: 1k-3k 1-9; adapter history: 200+ 1-9)
- languages (% of files): python 30, rust 70, typescript 10
- speed: index 10-60s, query p50 20 ms / p95 40 ms, peak memory 512MB-1GB
- quality: abstain rate 0.2, hints later edited 0.65 (of 1-9 answers checked)
  - bench (1k-3k files, gemma-xl1): hit@1/3/10 lexical 0.33 / 0.54 / 0.77, model 0.49 / 0.76 / 0.93, + adapter 0.67 / 0.85 / 0.95
- reliability: abstain 0.2, empty_index 0.2; lexical fallback 0
- usage: 1-9 queries/week; kinds request 0.2, issue 0.4, error 0.2, conversational 0.2; adapter 0.6

```json
{
  "schema": 1,
  "wn": {
    "version": "0.3.0",
    "commit": null
  },
  "setup": {
    "os": "macos",
    "arch": "aarch64",
    "threads": "9-16",
    "ram": "32-64GB",
    "model": "gemma-xl1",
    "precision": "fp32"
  },
  "repos": {
    "count": "1-9",
    "sizes": {
      "1k-3k": "1-9"
    },
    "languages": {
      "python": 30,
      "rust": 70,
      "typescript": 10
    },
    "history": {
      "200+": "1-9"
    }
  },
  "performance": {
    "index_time": "10-60s",
    "query_ms_p50": 20,
    "query_ms_p95": 40,
    "peak_memory": "512MB-1GB"
  },
  "quality": {
    "bench": [
      {
        "files": "1k-3k",
        "model": "gemma-xl1",
        "lexical": [
          0.33,
          0.54,
          0.77
        ],
        "model_hits": [
          0.49,
          0.76,
          0.93
        ],
        "adapter_hits": [
          0.67,
          0.85,
          0.95
        ]
      }
    ],
    "abstain_rate": 0.2,
    "hint_usefulness": 0.65,
    "hints_checked": "1-9"
  },
  "reliability": {
    "states": {
      "abstain": 0.2,
      "empty_index": 0.2
    },
    "fallback_rate": 0.0
  },
  "usage": {
    "kinds": {
      "request": 0.2,
      "issue": 0.4,
      "error": 0.2,
      "conversational": 0.2
    },
    "queries_per_week": "1-9",
    "adapter_rate": 0.6
  },
  "truncated": false
}
```
